{
    "Right": {
        "actualTimeGrid": [
            0,
            5,
            5,
            10
        ],
        "diagnostics": {
            "dlsGetNumJacEvals": 1,
            "dlsGetNumRhsEvals": 2,
            "odeGetNumErrTestFails": 0,
            "odeGetNumLinSolvSetups": 4,
            "odeGetNumNonlinSolvConvFails": 0,
            "odeGetNumNonlinSolvIters": 20,
            "odeGetNumRhsEvals_fe": 0,
            "odeGetNumRhsEvals_fi": 43,
            "odeGetNumStepAttempts": 4,
            "odeGetNumSteps": 4,
            "odeMaxEventsReached": false,
            "odeNumReinit": 1,
            "odeNumRootEvals": 6
        },
        "solutionMatrix": [
            [
                0,
                0
            ],
            [
                0,
                0
            ],
            [
                1,
                1
            ],
            [
                1,
                1
            ]
        ]
    }
}