{
    "Right": {
        "actualTimeGrid": [
            0,
            10
        ],
        "diagnostics": {
            "dlsGetNumJacEvals": 9,
            "dlsGetNumRhsEvals": 18,
            "odeGetNumErrTestFails": 0,
            "odeGetNumLinSolvSetups": 9,
            "odeGetNumNonlinSolvConvFails": 0,
            "odeGetNumNonlinSolvIters": 11,
            "odeGetNumRhsEvals_fe": 11,
            "odeGetNumRhsEvals_fi": 0,
            "odeGetNumStepAttempts": 0,
            "odeGetNumSteps": 11,
            "odeMaxEventsReached": false,
            "odeNumReinit": 1,
            "odeNumRootEvals": 13
        },
        "solutionMatrix": [
            [
                0,
                0
            ],
            [
                1,
                1
            ]
        ]
    }
}