{
    "Right": {
        "actualTimeGrid": [
            0,
            5,
            5
        ],
        "diagnostics": {
            "dlsGetNumJacEvals": 8,
            "dlsGetNumRhsEvals": 16,
            "odeGetNumErrTestFails": 0,
            "odeGetNumLinSolvSetups": 8,
            "odeGetNumNonlinSolvConvFails": 0,
            "odeGetNumNonlinSolvIters": 10,
            "odeGetNumRhsEvals_fe": 10,
            "odeGetNumRhsEvals_fi": 0,
            "odeGetNumStepAttempts": 0,
            "odeGetNumSteps": 10,
            "odeMaxEventsReached": false,
            "odeNumRootEvals": 12
        },
        "solutionMatrix": [
            [
                0,
                0
            ],
            [
                0,
                0
            ],
            [
                1,
                1
            ]
        ]
    }
}