{
    "Right": {
        "actualTimeGrid": [
            0,
            4.999999999999999,
            4.999999999999999,
            10
        ],
        "diagnostics": {
            "dlsGetNumJacEvals": 0,
            "dlsGetNumRhsEvals": 0,
            "odeGetNumErrTestFails": 0,
            "odeGetNumLinSolvSetups": 0,
            "odeGetNumNonlinSolvConvFails": 0,
            "odeGetNumNonlinSolvIters": 0,
            "odeGetNumRhsEvals_fe": 40,
            "odeGetNumRhsEvals_fi": 0,
            "odeGetNumStepAttempts": 5,
            "odeGetNumSteps": 5,
            "odeMaxEventsReached": false
        },
        "solutionMatrix": [
            [
                0,
                0
            ],
            [
                5.000000000000007,
                0
            ],
            [
                7,
                0
            ],
            [
                12.000000000000004,
                0
            ]
        ]
    }
}