{
    "Right": {
        "actualTimeGrid": [
            0,
            1
        ],
        "diagnostics": {
            "dlsGetNumJacEvals": 0,
            "dlsGetNumRhsEvals": 0,
            "odeGetNumErrTestFails": 0,
            "odeGetNumLinSolvSetups": 0,
            "odeGetNumNonlinSolvConvFails": 0,
            "odeGetNumNonlinSolvIters": 0,
            "odeGetNumRhsEvals_fe": 68,
            "odeGetNumRhsEvals_fi": 0,
            "odeGetNumStepAttempts": 9,
            "odeGetNumSteps": 9,
            "odeMaxEventsReached": false
        },
        "solutionMatrix": [
            [
                0
            ],
            [
                0.9999994091000606
            ]
        ]
    }
}