{
    "Right": {
        "actualTimeGrid": [
            0,
            1.0e-2,
            2.0e-2,
            3.0e-2,
            4.0e-2,
            5.0e-2,
            6.0e-2,
            7.0e-2,
            8.0e-2,
            9.0e-2,
            9.531016824702494e-2,
            9.531016824702494e-2,
            0.1,
            0.11,
            0.12,
            0.13,
            0.14,
            0.15,
            0.16,
            0.17,
            0.18,
            0.19,
            0.2,
            0.21,
            0.22
        ],
        "diagnostics": {
            "dlsGetNumJacEvals": 0,
            "dlsGetNumRhsEvals": 0,
            "odeGetNumErrTestFails": 0,
            "odeGetNumLinSolvSetups": 0,
            "odeGetNumNonlinSolvConvFails": 0,
            "odeGetNumNonlinSolvIters": 0,
            "odeGetNumRhsEvals_fe": 79,
            "odeGetNumRhsEvals_fi": 0,
            "odeGetNumStepAttempts": 7,
            "odeGetNumSteps": 7,
            "odeMaxEventsReached": false
        },
        "solutionMatrix": [
            [
                1
            ],
            [
                1.0100501670847946
            ],
            [
                1.02020134005242
            ],
            [
                1.0304545341885014
            ],
            [
                1.0408107745536754
            ],
            [
                1.0512710966629564
            ],
            [
                1.0618365466428765
            ],
            [
                1.0725081812314878
            ],
            [
                1.0832870702089286
            ],
            [
                1.0941742925625468
            ],
            [
                1.1000000000000036
            ],
            [
                2
            ],
            [
                2.009401692452538
            ],
            [
                2.029596515200265
            ],
            [
                2.0499942994519076
            ],
            [
                2.070597084935459
            ],
            [
                2.091406931580861
            ],
            [
                2.1124259204412557
            ],
            [
                2.133656153711829
            ],
            [
                2.1550997581110733
            ],
            [
                2.176758879776131
            ],
            [
                2.1986356799809403
            ],
            [
                2.220732343313601
            ],
            [
                2.24305107774912
            ],
            [
                2.2655941146494163
            ]
        ]
    }
}