{
    "Right": {
        "actualTimeGrid": [
            0,
            1,
            1,
            2,
            2,
            3,
            3,
            4,
            4,
            5,
            5,
            6,
            6,
            7,
            7,
            8,
            8,
            9,
            9,
            10,
            10
        ],
        "diagnostics": {
            "dlsGetNumJacEvals": 0,
            "dlsGetNumRhsEvals": 0,
            "odeGetNumErrTestFails": 0,
            "odeGetNumLinSolvSetups": 0,
            "odeGetNumNonlinSolvConvFails": 0,
            "odeGetNumNonlinSolvIters": 0,
            "odeGetNumRhsEvals_fe": 0,
            "odeGetNumRhsEvals_fi": 0,
            "odeGetNumStepAttempts": 0,
            "odeGetNumSteps": 0,
            "odeMaxEventsReached": false
        },
        "solutionMatrix": [
            [
                0
            ],
            [
                0.49993130467084773
            ],
            [
                0.49993130467084773
            ],
            [
                0.99987601919963
            ],
            [
                0.99987601919963
            ],
            [
                1.4998333683370573
            ],
            [
                1.4998333683370573
            ],
            [
                1.9998023114546752
            ],
            [
                1.9998023114546752
            ],
            [
                2.49978151368326
            ],
            [
                2.49978151368326
            ],
            [
                2.999769317081908
            ],
            [
                2.999769317081908
            ],
            [
                3.4997637118423763
            ],
            [
                3.4997637118423763
            ],
            [
                3.999762307534264
            ],
            [
                3.999762307534264
            ],
            [
                4.499749973606616
            ],
            [
                4.499749973606616
            ],
            [
                4.99975862814311
            ],
            [
                4.99975862814311
            ]
        ]
    }
}