{
    "Right": {
        "actualTimeGrid": [
            0,
            1.0000000000000184,
            1.0000000000000184,
            2,
            2,
            3,
            3,
            4,
            4,
            5,
            5,
            6,
            6,
            7,
            7,
            8,
            8,
            9,
            9,
            10,
            10
        ],
        "diagnostics": {
            "dlsGetNumJacEvals": 0,
            "dlsGetNumRhsEvals": 0,
            "odeGetNumErrTestFails": 0,
            "odeGetNumLinSolvSetups": 0,
            "odeGetNumNonlinSolvConvFails": 0,
            "odeGetNumNonlinSolvIters": 0,
            "odeGetNumRhsEvals_fe": 0,
            "odeGetNumRhsEvals_fi": 0,
            "odeGetNumStepAttempts": 0,
            "odeGetNumSteps": 0,
            "odeMaxEventsReached": false
        },
        "solutionMatrix": [
            [
                0
            ],
            [
                0.5000000000000185
            ],
            [
                0.5000000000000185
            ],
            [
                0.9999447163239128
            ],
            [
                0.9999447163239128
            ],
            [
                1.499902067132333
            ],
            [
                1.499902067132333
            ],
            [
                1.9998710117583982
            ],
            [
                1.9998710117583982
            ],
            [
                2.49985021529047
            ],
            [
                2.49985021529047
            ],
            [
                2.9998380197412704
            ],
            [
                2.9998380197412704
            ],
            [
                3.499832415252236
            ],
            [
                3.499832415252236
            ],
            [
                3.999831011338681
            ],
            [
                3.999831011338681
            ],
            [
                4.4998186776961715
            ],
            [
                4.4998186776961715
            ],
            [
                4.999827333311534
            ],
            [
                4.999827333311534
            ]
        ]
    }
}