{
    "Right": {
        "actualTimeGrid": [
            0,
            1,
            1,
            2,
            2,
            3,
            3,
            4,
            4,
            5,
            5,
            6,
            6,
            7,
            7,
            8,
            8,
            9,
            9,
            10,
            10
        ],
        "diagnostics": {
            "dlsGetNumJacEvals": 0,
            "dlsGetNumRhsEvals": 0,
            "odeGetNumErrTestFails": 0,
            "odeGetNumLinSolvSetups": 0,
            "odeGetNumNonlinSolvConvFails": 0,
            "odeGetNumNonlinSolvIters": 0,
            "odeGetNumRhsEvals_fe": 0,
            "odeGetNumRhsEvals_fi": 0,
            "odeGetNumStepAttempts": 0,
            "odeGetNumSteps": 0,
            "odeMaxEventsReached": false
        },
        "solutionMatrix": [
            [
                0
            ],
            [
                0.49999050193167066
            ],
            [
                0.49999050193167066
            ],
            [
                0.9999902374375792
            ],
            [
                0.9999902374375792
            ],
            [
                1.5000000708292962
            ],
            [
                1.5000000708292962
            ],
            [
                1.999967818517647
            ],
            [
                1.999967818517647
            ],
            [
                2.499960019598936
            ],
            [
                2.499960019598936
            ],
            [
                2.9999425021317525
            ],
            [
                2.9999425021317525
            ],
            [
                3.49991431573909
            ],
            [
                3.49991431573909
            ],
            [
                3.999906572088097
            ],
            [
                3.999906572088097
            ],
            [
                4.499888353128495
            ],
            [
                4.499888353128495
            ],
            [
                4.999869596827813
            ],
            [
                4.999869596827813
            ]
        ]
    }
}