{
    "Right": {
        "actualTimeGrid": [
            1,
            1,
            2,
            2,
            3,
            3
        ],
        "diagnostics": {
            "dlsGetNumJacEvals": 0,
            "dlsGetNumRhsEvals": 0,
            "odeGetNumErrTestFails": 0,
            "odeGetNumLinSolvSetups": 0,
            "odeGetNumNonlinSolvConvFails": 0,
            "odeGetNumNonlinSolvIters": 0,
            "odeGetNumRhsEvals_fe": 0,
            "odeGetNumRhsEvals_fi": 0,
            "odeGetNumStepAttempts": 0,
            "odeGetNumSteps": 0,
            "odeMaxEventsReached": false
        },
        "solutionMatrix": [
            [
                0
            ],
            [
                0.2
            ],
            [
                1.199999999999999
            ],
            [
                1.399999999999999
            ],
            [
                2.399999999999998
            ],
            [
                2.5999999999999983
            ]
        ]
    }
}