{
    "Right": {
        "actualTimeGrid": [
            -3,
            -2,
            0,
            10,
            100
        ],
        "diagnostics": {
            "dlsGetNumJacEvals": 0,
            "dlsGetNumRhsEvals": 0,
            "odeGetNumErrTestFails": 0,
            "odeGetNumLinSolvSetups": 0,
            "odeGetNumNonlinSolvConvFails": 0,
            "odeGetNumNonlinSolvIters": 0,
            "odeGetNumRhsEvals_fe": 77,
            "odeGetNumRhsEvals_fi": 0,
            "odeGetNumStepAttempts": 10,
            "odeGetNumSteps": 10,
            "odeMaxEventsReached": false
        },
        "solutionMatrix": [
            [
                0
            ],
            [
                0.9999999999999996
            ],
            [
                3.000000000000003
            ],
            [
                13.000000000000007
            ],
            [
                103.00000000000009
            ]
        ]
    }
}