{
    "Right": {
        "actualTimeGrid": [
            0,
            1,
            1,
            2,
            2,
            3,
            3,
            4,
            4,
            5,
            5,
            6,
            6,
            7,
            7,
            8,
            8,
            9,
            9,
            10,
            10
        ],
        "diagnostics": {
            "dlsGetNumJacEvals": 1,
            "dlsGetNumRhsEvals": 1,
            "odeGetNumErrTestFails": 0,
            "odeGetNumLinSolvSetups": 0,
            "odeGetNumNonlinSolvConvFails": 0,
            "odeGetNumNonlinSolvIters": 0,
            "odeGetNumRhsEvals_fe": 0,
            "odeGetNumRhsEvals_fi": 0,
            "odeGetNumStepAttempts": 0,
            "odeGetNumSteps": 0,
            "odeMaxEventsReached": false,
            "odeNumReinit": 10,
            "odeNumRootEvals": 0
        },
        "solutionMatrix": [
            [
                0
            ],
            [
                0.5000011769552009
            ],
            [
                0.5000011769552009
            ],
            [
                0.5000011769552009
            ],
            [
                0.5000011769552009
            ],
            [
                0.5000011769552009
            ],
            [
                0.5000011769552009
            ],
            [
                0.5000011769552009
            ],
            [
                0.5000011769552009
            ],
            [
                0.5000011769552009
            ],
            [
                0.5000011769552009
            ],
            [
                0.5000011769552009
            ],
            [
                0.5000011769552009
            ],
            [
                0.5000011769552009
            ],
            [
                0.5000011769552009
            ],
            [
                0.5000011769552009
            ],
            [
                0.5000011769552009
            ],
            [
                0.5000011769552009
            ],
            [
                0.5000011769552009
            ],
            [
                0.5000011769552009
            ],
            [
                0.5000011769552009
            ]
        ]
    }
}