{
    "Right": {
        "actualTimeGrid": [
            0,
            5,
            5,
            10
        ],
        "diagnostics": {
            "dlsGetNumJacEvals": 22,
            "dlsGetNumRhsEvals": 44,
            "odeGetNumErrTestFails": 0,
            "odeGetNumLinSolvSetups": 22,
            "odeGetNumNonlinSolvConvFails": 0,
            "odeGetNumNonlinSolvIters": 24,
            "odeGetNumRhsEvals_fe": 24,
            "odeGetNumRhsEvals_fi": 0,
            "odeGetNumStepAttempts": 0,
            "odeGetNumSteps": 24,
            "odeMaxEventsReached": false,
            "odeNumReinit": 1,
            "odeNumRootEvals": 25
        },
        "solutionMatrix": [
            [
                0,
                0
            ],
            [
                5,
                0
            ],
            [
                7,
                0
            ],
            [
                12,
                0
            ]
        ]
    }
}