{
    "Right": {
        "actualTimeGrid": [
            0,
            1,
            2,
            3,
            4,
            5,
            6,
            7,
            8,
            9,
            10
        ],
        "diagnostics": {
            "dlsGetNumJacEvals": 2,
            "dlsGetNumRhsEvals": 0,
            "odeGetNumErrTestFails": 0,
            "odeGetNumLinSolvSetups": 2,
            "odeGetNumNonlinSolvConvFails": 0,
            "odeGetNumNonlinSolvIters": 4,
            "odeGetNumRhsEvals_fe": 0,
            "odeGetNumRhsEvals_fi": 0,
            "odeGetNumStepAttempts": 0,
            "odeGetNumSteps": 4,
            "odeMaxEventsReached": false
        },
        "solutionMatrix": [
            [
                0
            ],
            [
                0
            ],
            [
                0
            ],
            [
                0
            ],
            [
                0
            ],
            [
                0
            ],
            [
                0
            ],
            [
                0
            ],
            [
                0
            ],
            [
                0
            ],
            [
                0
            ]
        ]
    }
}