{
    "Right": {
        "actualTimeGrid": [
            0,
            1,
            1,
            2,
            2,
            3,
            3,
            4,
            4,
            5,
            5,
            6,
            6,
            7,
            7,
            8,
            8,
            9,
            9,
            10,
            10
        ],
        "diagnostics": {
            "dlsGetNumJacEvals": 61,
            "dlsGetNumRhsEvals": 0,
            "odeGetNumErrTestFails": 0,
            "odeGetNumLinSolvSetups": 0,
            "odeGetNumNonlinSolvConvFails": 0,
            "odeGetNumNonlinSolvIters": 0,
            "odeGetNumRhsEvals_fe": 0,
            "odeGetNumRhsEvals_fi": 0,
            "odeGetNumStepAttempts": 0,
            "odeGetNumSteps": 0,
            "odeMaxEventsReached": false
        },
        "solutionMatrix": [
            [
                0
            ],
            [
                0.5000039488668735
            ],
            [
                0.5000039488668735
            ],
            [
                1.0000047507988243
            ],
            [
                1.0000047507988243
            ],
            [
                1.5000058288366407
            ],
            [
                1.5000058288366407
            ],
            [
                2.000006899786695
            ],
            [
                2.000006899786695
            ],
            [
                2.5000079330019895
            ],
            [
                2.5000079330019895
            ],
            [
                3.000012250832994
            ],
            [
                3.000012250832994
            ],
            [
                3.5000153586075218
            ],
            [
                3.5000153586075218
            ],
            [
                4.000017876628158
            ],
            [
                4.000017876628158
            ],
            [
                4.500018073440105
            ],
            [
                4.500018073440105
            ],
            [
                5.000023193384628
            ],
            [
                5.000023193384628
            ]
        ]
    }
}