{
    "Right": {
        "actualTimeGrid": [
            1,
            2,
            3
        ],
        "diagnostics": {
            "dlsGetNumJacEvals": 2,
            "dlsGetNumRhsEvals": 2,
            "odeGetNumErrTestFails": 0,
            "odeGetNumLinSolvSetups": 2,
            "odeGetNumNonlinSolvConvFails": 0,
            "odeGetNumNonlinSolvIters": 0,
            "odeGetNumRhsEvals_fe": 2,
            "odeGetNumRhsEvals_fi": 0,
            "odeGetNumStepAttempts": 0,
            "odeGetNumSteps": 0,
            "odeMaxEventsReached": false,
            "odeNumReinit": 3,
            "odeNumRootEvals": 0
        },
        "solutionMatrix": [
            [
                0
            ],
            [
                0.9999999999999998
            ],
            [
                1.9999999999999996
            ]
        ]
    }
}