{
    "Right": {
        "actualTimeGrid": [
            -3,
            -2,
            0,
            10,
            100
        ],
        "diagnostics": {
            "dlsGetNumJacEvals": 27,
            "dlsGetNumRhsEvals": 27,
            "odeGetNumErrTestFails": 0,
            "odeGetNumLinSolvSetups": 27,
            "odeGetNumNonlinSolvConvFails": 0,
            "odeGetNumNonlinSolvIters": 29,
            "odeGetNumRhsEvals_fe": 29,
            "odeGetNumRhsEvals_fi": 0,
            "odeGetNumStepAttempts": 0,
            "odeGetNumSteps": 29,
            "odeMaxEventsReached": false,
            "odeNumReinit": 0,
            "odeNumRootEvals": 0
        },
        "solutionMatrix": [
            [
                0
            ],
            [
                0.9999999999999998
            ],
            [
                3
            ],
            [
                13
            ],
            [
                103
            ]
        ]
    }
}