{
    "Right": {
        "actualTimeGrid": [
            0,
            1,
            1,
            3,
            3,
            4,
            4
        ],
        "diagnostics": {
            "dlsGetNumJacEvals": 20,
            "dlsGetNumRhsEvals": 40,
            "odeGetNumErrTestFails": 0,
            "odeGetNumLinSolvSetups": 20,
            "odeGetNumNonlinSolvConvFails": 0,
            "odeGetNumNonlinSolvIters": 22,
            "odeGetNumRhsEvals_fe": 22,
            "odeGetNumRhsEvals_fi": 0,
            "odeGetNumStepAttempts": 0,
            "odeGetNumSteps": 22,
            "odeMaxEventsReached": false,
            "odeNumReinit": 3,
            "odeNumRootEvals": 24
        },
        "solutionMatrix": [
            [
                0,
                0
            ],
            [
                1,
                0
            ],
            [
                1,
                5
            ],
            [
                3,
                5
            ],
            [
                3,
                13
            ],
            [
                4,
                13
            ],
            [
                4,
                8
            ]
        ]
    }
}