{
    "Right": {
        "actualTimeGrid": [
            1,
            1,
            2,
            2,
            3,
            3
        ],
        "diagnostics": {
            "dlsGetNumJacEvals": 20,
            "dlsGetNumRhsEvals": 20,
            "odeGetNumErrTestFails": 0,
            "odeGetNumLinSolvSetups": 0,
            "odeGetNumNonlinSolvConvFails": 0,
            "odeGetNumNonlinSolvIters": 0,
            "odeGetNumRhsEvals_fe": 0,
            "odeGetNumRhsEvals_fi": 0,
            "odeGetNumStepAttempts": 0,
            "odeGetNumSteps": 0,
            "odeMaxEventsReached": false,
            "odeNumReinit": 3,
            "odeNumRootEvals": 0
        },
        "solutionMatrix": [
            [
                0
            ],
            [
                0.2
            ],
            [
                1.1999999999999995
            ],
            [
                1.3999999999999995
            ],
            [
                2.3999999999999995
            ],
            [
                2.5999999999999996
            ]
        ]
    }
}