{
    "Right": {
        "actualTimeGrid": [
            0,
            1.0e-2,
            2.0e-2,
            3.0e-2,
            4.0e-2,
            5.0e-2,
            6.0e-2,
            7.0e-2,
            8.0e-2,
            9.0e-2,
            9.531019739813701e-2,
            9.531019739813701e-2,
            0.1,
            0.11,
            0.12,
            0.13,
            0.14,
            0.15,
            0.16,
            0.17,
            0.18,
            0.19,
            0.2,
            0.21,
            0.22
        ],
        "diagnostics": {
            "dlsGetNumJacEvals": 1,
            "dlsGetNumRhsEvals": 1,
            "odeGetNumErrTestFails": 0,
            "odeGetNumLinSolvSetups": 6,
            "odeGetNumNonlinSolvConvFails": 0,
            "odeGetNumNonlinSolvIters": 67,
            "odeGetNumRhsEvals_fe": 0,
            "odeGetNumRhsEvals_fi": 105,
            "odeGetNumStepAttempts": 7,
            "odeGetNumSteps": 7,
            "odeMaxEventsReached": false,
            "odeNumReinit": 1,
            "odeNumRootEvals": 21
        },
        "solutionMatrix": [
            [
                1
            ],
            [
                1.0100501670827495
            ],
            [
                1.0202013389493012
            ],
            [
                1.0304545334101805
            ],
            [
                1.0408107703201235
            ],
            [
                1.0512710671218517
            ],
            [
                1.0618364899384203
            ],
            [
                1.0725081122068318
            ],
            [
                1.0832870073640888
            ],
            [
                1.0941742488471937
            ],
            [
                1.1000000000000028
            ],
            [
                2
            ],
            [
                2.0094016338360787
            ],
            [
                2.0295964553231274
            ],
            [
                2.049994238036065
            ],
            [
                2.0705970237509668
            ],
            [
                2.091406841789927
            ],
            [
                2.1124257921173966
            ],
            [
                2.133656008488866
            ],
            [
                2.155099624659827
            ],
            [
                2.17675877438577
            ],
            [
                2.1986355914221876
            ],
            [
                2.2207322248957815
            ],
            [
                2.2430509131526257
            ],
            [
                2.2655939264319374
            ]
        ]
    }
}