{
    "Right": {
        "actualTimeGrid": [
            0,
            1,
            1,
            2,
            2,
            3,
            3,
            4,
            4,
            5,
            5,
            6,
            6,
            7,
            7,
            8,
            8,
            9,
            9,
            10,
            10
        ],
        "diagnostics": {
            "dlsGetNumJacEvals": 1,
            "dlsGetNumRhsEvals": 1,
            "odeGetNumErrTestFails": 0,
            "odeGetNumLinSolvSetups": 0,
            "odeGetNumNonlinSolvConvFails": 0,
            "odeGetNumNonlinSolvIters": 226,
            "odeGetNumRhsEvals_fe": 0,
            "odeGetNumRhsEvals_fi": 0,
            "odeGetNumStepAttempts": 0,
            "odeGetNumSteps": 0,
            "odeMaxEventsReached": false,
            "odeNumRootEvals": 17
        },
        "solutionMatrix": [
            [
                0
            ],
            [
                0.4934123885936084
            ],
            [
                0.4934123885936084
            ],
            [
                0.9868315768967478
            ],
            [
                0.9868315768967478
            ],
            [
                1.4802575613046431
            ],
            [
                1.4802575613046431
            ],
            [
                1.9736903382125661
            ],
            [
                1.9736903382125661
            ],
            [
                2.4671299040159296
            ],
            [
                2.4671299040159296
            ],
            [
                2.960576255110135
            ],
            [
                2.960576255110135
            ],
            [
                3.4540293878908597
            ],
            [
                3.4540293878908597
            ],
            [
                3.947489298753672
            ],
            [
                3.947489298753672
            ],
            [
                4.4409559840943995
            ],
            [
                4.4409559840943995
            ],
            [
                4.934429440308812
            ],
            [
                4.934429440308812
            ]
        ]
    }
}