{
    "Right": {
        "actualTimeGrid": [
            0,
            1.0000000000000293,
            1.0000000000000293,
            2,
            2,
            3,
            3,
            4,
            4,
            5,
            5,
            6,
            6,
            7,
            7,
            8,
            8,
            9,
            9,
            10,
            10
        ],
        "diagnostics": {
            "dlsGetNumJacEvals": 2,
            "dlsGetNumRhsEvals": 2,
            "odeGetNumErrTestFails": 0,
            "odeGetNumLinSolvSetups": 0,
            "odeGetNumNonlinSolvConvFails": 0,
            "odeGetNumNonlinSolvIters": 120,
            "odeGetNumRhsEvals_fe": 0,
            "odeGetNumRhsEvals_fi": 0,
            "odeGetNumStepAttempts": 0,
            "odeGetNumSteps": 0,
            "odeMaxEventsReached": false,
            "odeNumRootEvals": 10
        },
        "solutionMatrix": [
            [
                0
            ],
            [
                0.5000000000000299
            ],
            [
                0.5000000000000299
            ],
            [
                0.9829548549977639
            ],
            [
                0.9829548549977639
            ],
            [
                1.4659097099954856
            ],
            [
                1.4659097099954856
            ],
            [
                1.948864564993207
            ],
            [
                1.948864564993207
            ],
            [
                2.4318194199909287
            ],
            [
                2.4318194199909287
            ],
            [
                2.91477427498865
            ],
            [
                2.91477427498865
            ],
            [
                3.397729129986372
            ],
            [
                3.397729129986372
            ],
            [
                3.8806839849840937
            ],
            [
                3.8806839849840937
            ],
            [
                4.3636388399818165
            ],
            [
                4.3636388399818165
            ],
            [
                4.846593694979538
            ],
            [
                4.846593694979538
            ]
        ]
    }
}