{
    "Right": {
        "actualTimeGrid": [
            0,
            0.1,
            0.2,
            0.30000000000000004,
            0.4,
            0.5,
            0.6000000000000001,
            0.7000000000000001,
            0.8,
            0.9,
            1,
            1.1,
            1.2000000000000002,
            1.3,
            1.4000000000000001,
            1.5,
            1.6,
            1.7000000000000002,
            1.8,
            1.9000000000000001,
            2,
            2.1,
            2.2,
            2.3000000000000003,
            2.4000000000000004,
            2.5,
            2.6,
            2.7,
            2.8000000000000003,
            2.9000000000000004,
            3,
            3.1,
            3.2,
            3.3000000000000003,
            3.4000000000000004,
            3.5,
            3.6,
            3.7,
            3.8000000000000003,
            3.9000000000000004,
            4,
            4.1000000000000005,
            4.2,
            4.3,
            4.4,
            4.5,
            4.6000000000000005,
            4.7,
            4.800000000000001,
            4.9,
            5,
            5.1000000000000005,
            5.2,
            5.300000000000001,
            5.4,
            5.5,
            5.6000000000000005,
            5.7,
            5.800000000000001,
            5.9,
            6,
            6.1000000000000005,
            6.2,
            6.300000000000001,
            6.4,
            6.5,
            6.6000000000000005,
            6.7,
            6.800000000000001,
            6.9,
            7,
            7.1000000000000005,
            7.2,
            7.300000000000001,
            7.4,
            7.5,
            7.6000000000000005,
            7.7,
            7.800000000000001,
            7.9,
            8,
            8.1,
            8.200000000000001,
            8.3,
            8.4,
            8.5,
            8.6,
            8.700000000000001,
            8.8,
            8.9,
            9,
            9.1,
            9.200000000000001,
            9.3,
            9.4,
            9.5,
            9.600000000000001,
            9.700000000000001,
            9.8,
            9.9,
            10
        ],
        "diagnostics": {
            "dlsGetNumJacEvals": 7,
            "dlsGetNumRhsEvals": 7,
            "odeGetNumErrTestFails": 1,
            "odeGetNumLinSolvSetups": 40,
            "odeGetNumNonlinSolvConvFails": 7,
            "odeGetNumNonlinSolvIters": 3426,
            "odeGetNumRhsEvals_fe": 0,
            "odeGetNumRhsEvals_fi": 6079,
            "odeGetNumStepAttempts": 530,
            "odeGetNumSteps": 529,
            "odeMaxEventsReached": false
        },
        "solutionMatrix": [
            [
                0
            ],
            [
                9.96684293143068e-2
            ],
            [
                0.19739534549945345
            ],
            [
                0.29145667693822636
            ],
            [
                0.38050635122634446
            ],
            [
                0.46364753698682876
            ],
            [
                0.5404194108576844
            ],
            [
                0.6107259520420673
            ],
            [
                0.674740925552549
            ],
            [
                0.732815000652271
            ],
            [
                0.7853980810347354
            ],
            [
                0.8329812005264055
            ],
            [
                0.8760579846721239
            ],
            [
                0.9151006346701912
            ],
            [
                0.9505467851047531
            ],
            [
                0.9827936814939648
            ],
            [
                1.0121969714095636
            ],
            [
                1.0390722190153692
            ],
            [
                1.0636977862880788
            ],
            [
                1.0863183711519966
            ],
            [
                1.1071486931753058
            ],
            [
                1.1263770916286457
            ],
            [
                1.1441688099841938
            ],
            [
                1.1606689684809552
            ],
            [
                1.176005191345711
            ],
            [
                1.1902899334092143
            ],
            [
                1.2036224770403727
            ],
            [
                1.2160906622472043
            ],
            [
                1.2277723758317958
            ],
            [
                1.2387368483958612
            ],
            [
                1.2490457613811188
            ],
            [
                1.2587541959331996
            ],
            [
                1.267911425470613
            ],
            [
                1.2765617269107203
            ],
            [
                1.2847448561424428
            ],
            [
                1.2924966371707223
            ],
            [
                1.299849452245578
            ],
            [
                1.306832576195412
            ],
            [
                1.313472591414323
            ],
            [
                1.3197936163716517
            ],
            [
                1.3258176463361708
            ],
            [
                1.3315647058473004
            ],
            [
                1.3370531310978369
            ],
            [
                1.3422996689946227
            ],
            [
                1.3473197128740348
            ],
            [
                1.3521273645342065
            ],
            [
                1.3567356321286415
            ],
            [
                1.361156466415183
            ],
            [
                1.365400927883141
            ],
            [
                1.3694792055667682
            ],
            [
                1.3734007583611048
            ],
            [
                1.3771743225369752
            ],
            [
                1.380808031233625
            ],
            [
                1.3843094150026285
            ],
            [
                1.3876854782403554
            ],
            [
                1.3909428020073233
            ],
            [
                1.3940874329864348
            ],
            [
                1.3971251031951797
            ],
            [
                1.4000610923220222
            ],
            [
                1.4029003715236312
            ],
            [
                1.405647628801627
            ],
            [
                1.4083071958050903
            ],
            [
                1.4108831765626564
            ],
            [
                1.413379437096031
            ],
            [
                1.4157995638043228
            ],
            [
                1.4181469755680647
            ],
            [
                1.4204248845684737
            ],
            [
                1.4226362860187514
            ],
            [
                1.4247840498698592
            ],
            [
                1.4268708652581412
            ],
            [
                1.428899253527679
            ],
            [
                1.4308716400734665
            ],
            [
                1.4327902925115936
            ],
            [
                1.434657348845805
            ],
            [
                1.436474871277645
            ],
            [
                1.4382447849534292
            ],
            [
                1.4399689152537631
            ],
            [
                1.441649025263135
            ],
            [
                1.4432867597585948
            ],
            [
                1.4448836872561082
            ],
            [
                1.4464413226366848
            ],
            [
                1.4479610795294109
            ],
            [
                1.4494443139201096
            ],
            [
                1.4508923332902546
            ],
            [
                1.4523063594481362
            ],
            [
                1.4536875713768058
            ],
            [
                1.4550370900263867
            ],
            [
                1.4563559820757144
            ],
            [
                1.4576453243500762
            ],
            [
                1.4589060305555337
            ],
            [
                1.4601390744284104
            ],
            [
                1.4613453565563743
            ],
            [
                1.4625257003306198
            ],
            [
                1.4636809879604304
            ],
            [
                1.4648119364928565
            ],
            [
                1.4659193726398239
            ],
            [
                1.4670039608982695
            ],
            [
                1.4680664368549445
            ],
            [
                1.46910745686631
            ],
            [
                1.4701276465497777
            ],
            [
                1.4711276613067628
            ]
        ]
    }
}