{
    "Right": {
        "actualTimeGrid": [
            0,
            1,
            1,
            2.9999999999999973,
            2.9999999999999973,
            4,
            4
        ],
        "diagnostics": {
            "dlsGetNumJacEvals": 1,
            "dlsGetNumRhsEvals": 2,
            "odeGetNumErrTestFails": 0,
            "odeGetNumLinSolvSetups": 4,
            "odeGetNumNonlinSolvConvFails": 0,
            "odeGetNumNonlinSolvIters": 40,
            "odeGetNumRhsEvals_fe": 0,
            "odeGetNumRhsEvals_fi": 63,
            "odeGetNumStepAttempts": 4,
            "odeGetNumSteps": 4,
            "odeMaxEventsReached": false,
            "odeNumReinit": 3,
            "odeNumRootEvals": 6
        },
        "solutionMatrix": [
            [
                0,
                0
            ],
            [
                1.0000000000000002,
                0
            ],
            [
                1.0000000000000002,
                5
            ],
            [
                3.0000000000000013,
                5
            ],
            [
                3.0000000000000013,
                13
            ],
            [
                4.0000000000000036,
                13
            ],
            [
                4.0000000000000036,
                8
            ]
        ]
    }
}