{
    "Right": {
        "actualTimeGrid": [
            0,
            5.000000000001071,
            5.000000000001071,
            10
        ],
        "diagnostics": {
            "dlsGetNumJacEvals": 1,
            "dlsGetNumRhsEvals": 2,
            "odeGetNumErrTestFails": 0,
            "odeGetNumLinSolvSetups": 4,
            "odeGetNumNonlinSolvConvFails": 0,
            "odeGetNumNonlinSolvIters": 16,
            "odeGetNumRhsEvals_fe": 0,
            "odeGetNumRhsEvals_fi": 27,
            "odeGetNumStepAttempts": 4,
            "odeGetNumSteps": 4,
            "odeMaxEventsReached": false,
            "odeNumReinit": 1,
            "odeNumRootEvals": 5
        },
        "solutionMatrix": [
            [
                0,
                0
            ],
            [
                5.000000000001069,
                0
            ],
            [
                7,
                0
            ],
            [
                11.99999999999893,
                0
            ]
        ]
    }
}