{
    "Right": {
        "actualTimeGrid": [
            0,
            1.0e-2,
            2.0e-2,
            3.0e-2,
            4.0e-2,
            5.0e-2,
            6.0e-2,
            7.0e-2,
            8.0e-2,
            9.0e-2,
            9.530734263851669e-2,
            9.530734263851669e-2,
            0.1,
            0.11,
            0.12,
            0.13,
            0.14,
            0.15,
            0.16,
            0.17,
            0.18,
            0.19,
            0.2,
            0.21,
            0.22
        ],
        "diagnostics": {
            "dlsGetNumJacEvals": 1,
            "dlsGetNumRhsEvals": 1,
            "odeGetNumErrTestFails": 0,
            "odeGetNumLinSolvSetups": 6,
            "odeGetNumNonlinSolvConvFails": 0,
            "odeGetNumNonlinSolvIters": 55,
            "odeGetNumRhsEvals_fe": 0,
            "odeGetNumRhsEvals_fi": 92,
            "odeGetNumStepAttempts": 17,
            "odeGetNumSteps": 17,
            "odeMaxEventsReached": false,
            "odeNumReinit": 1,
            "odeNumRootEvals": 31
        },
        "solutionMatrix": [
            [
                1
            ],
            [
                1.0100584603800944
            ],
            [
                1.0202063417337544
            ],
            [
                1.0304696976358976
            ],
            [
                1.0408306023349128
            ],
            [
                1.0512898955109524
            ],
            [
                1.0618484226512699
            ],
            [
                1.0725100923794886
            ],
            [
                1.0833011661051009
            ],
            [
                1.0941948279573857
            ],
            [
                1.1
            ],
            [
                2
            ],
            [
                2.0094140663889544
            ],
            [
                2.02962119086972
            ],
            [
                2.0500195430954262
            ],
            [
                2.070622901164986
            ],
            [
                2.091433325368473
            ],
            [
                2.1124528967012566
            ],
            [
                2.1336837170720764
            ],
            [
                2.155127909513211
            ],
            [
                2.176787618392761
            ],
            [
                2.1986650096290585
            ],
            [
                2.220762270907241
            ],
            [
                2.243081611897992
            ],
            [
                2.265625264478486
            ]
        ]
    }
}