{
    "Right": {
        "actualTimeGrid": [
            0,
            1,
            2,
            3,
            4,
            5,
            6,
            7,
            8,
            9,
            10
        ],
        "diagnostics": {
            "dlsGetNumJacEvals": 1,
            "dlsGetNumRhsEvals": 1,
            "odeGetNumErrTestFails": 29,
            "odeGetNumLinSolvSetups": 54,
            "odeGetNumNonlinSolvConvFails": 0,
            "odeGetNumNonlinSolvIters": 279,
            "odeGetNumRhsEvals_fe": 0,
            "odeGetNumRhsEvals_fi": 454,
            "odeGetNumStepAttempts": 87,
            "odeGetNumSteps": 58,
            "odeMaxEventsReached": false
        },
        "solutionMatrix": [
            [
                0
            ],
            [
                0
            ],
            [
                0
            ],
            [
                0
            ],
            [
                0
            ],
            [
                8.855049487618227e-16
            ],
            [
                0.9999971672222521
            ],
            [
                0.9999976263123411
            ],
            [
                0.9999976263123411
            ],
            [
                0.9999976263123411
            ],
            [
                0.9999976263123411
            ]
        ]
    }
}