{
    "Right": {
        "actualTimeGrid": [
            0,
            0.1,
            0.2,
            0.30000000000000004,
            0.4,
            0.5,
            0.6000000000000001,
            0.7000000000000001,
            0.8,
            0.9,
            1,
            1.1,
            1.2000000000000002,
            1.3,
            1.4000000000000001,
            1.5,
            1.6,
            1.7000000000000002,
            1.8,
            1.9000000000000001,
            2,
            2.1,
            2.2,
            2.3000000000000003,
            2.4000000000000004,
            2.5,
            2.6,
            2.7,
            2.8000000000000003,
            2.9000000000000004,
            3,
            3.1,
            3.2,
            3.3000000000000003,
            3.4000000000000004,
            3.5,
            3.6,
            3.7,
            3.8000000000000003,
            3.9000000000000004,
            4,
            4.1000000000000005,
            4.2,
            4.3,
            4.4,
            4.5,
            4.6000000000000005,
            4.7,
            4.800000000000001,
            4.9,
            5,
            5.1000000000000005,
            5.2,
            5.300000000000001,
            5.4,
            5.5,
            5.6000000000000005,
            5.7,
            5.800000000000001,
            5.9,
            6,
            6.1000000000000005,
            6.2,
            6.300000000000001,
            6.4,
            6.5,
            6.6000000000000005,
            6.7,
            6.800000000000001,
            6.9,
            7,
            7.1000000000000005,
            7.2,
            7.300000000000001,
            7.4,
            7.5,
            7.6000000000000005,
            7.7,
            7.800000000000001,
            7.9,
            8,
            8.1,
            8.200000000000001,
            8.3,
            8.4,
            8.5,
            8.6,
            8.700000000000001,
            8.8,
            8.9,
            9,
            9.1,
            9.200000000000001,
            9.3,
            9.4,
            9.5,
            9.600000000000001,
            9.700000000000001,
            9.8,
            9.9,
            10
        ],
        "diagnostics": {
            "dlsGetNumJacEvals": 5,
            "dlsGetNumRhsEvals": 5,
            "odeGetNumErrTestFails": 0,
            "odeGetNumLinSolvSetups": 22,
            "odeGetNumNonlinSolvConvFails": 1,
            "odeGetNumNonlinSolvIters": 588,
            "odeGetNumRhsEvals_fe": 0,
            "odeGetNumRhsEvals_fi": 1031,
            "odeGetNumStepAttempts": 220,
            "odeGetNumSteps": 220,
            "odeMaxEventsReached": false,
            "odeNumRootEvals": 0
        },
        "solutionMatrix": [
            [
                0
            ],
            [
                9.966561396718529e-2
            ],
            [
                0.19738780278079465
            ],
            [
                0.29144806568366044
            ],
            [
                0.3805038037422472
            ],
            [
                0.4636177050006455
            ],
            [
                0.5403615925238857
            ],
            [
                0.6107136306324114
            ],
            [
                0.6746789102217244
            ],
            [
                0.7327599352117278
            ],
            [
                0.7853948898079413
            ],
            [
                0.832938767791997
            ],
            [
                0.8760144729014161
            ],
            [
                0.9150892195039669
            ],
            [
                0.9505208665413596
            ],
            [
                0.9827618012676638
            ],
            [
                1.0121833939022167
            ],
            [
                1.0390576603908728
            ],
            [
                1.0636751322299842
            ],
            [
                1.086305445335192
            ],
            [
                1.1071414546526603
            ],
            [
                1.1263612068501205
            ],
            [
                1.144157546952349
            ],
            [
                1.1606663693580572
            ],
            [
                1.1759941693656963
            ],
            [
                1.1902805226854454
            ],
            [
                1.2036222426999945
            ],
            [
                1.2160831355680775
            ],
            [
                1.22776469679803
            ],
            [
                1.2387349727541832
            ],
            [
                1.2490407640999983
            ],
            [
                1.2587480305020144
            ],
            [
                1.2679088640627065
            ],
            [
                1.2765536828468678
            ],
            [
                1.2847444812301476
            ],
            [
                1.2924903432384853
            ],
            [
                1.2998404209159715
            ],
            [
                1.306824124009473
            ],
            [
                1.3134673854295493
            ],
            [
                1.3197935105709866
            ],
            [
                1.32581301359437
            ],
            [
                1.3315583087865863
            ],
            [
                1.3370472447371209
            ],
            [
                1.3422961915260352
            ],
            [
                1.3473193173166662
            ],
            [
                1.3521238558399291
            ],
            [
                1.3567334454161828
            ],
            [
                1.3611465680324524
            ],
            [
                1.3653966147491814
            ],
            [
                1.3694711099869297
            ],
            [
                1.3733951950572543
            ],
            [
                1.3771680746088175
            ],
            [
                1.3808018624074239
            ],
            [
                1.384305006088899
            ],
            [
                1.3876792015863253
            ],
            [
                1.3909402035766818
            ],
            [
                1.3940813757856367
            ],
            [
                1.3971242327779771
            ],
            [
                1.4000554810472292
            ],
            [
                1.4028997078683008
            ],
            [
                1.4056426504009214
            ],
            [
                1.408305336855017
            ],
            [
                1.4108756482367912
            ],
            [
                1.4133729329180231
            ],
            [
                1.4157940716299335
            ],
            [
                1.4181424808479879
            ],
            [
                1.4204213592814319
            ],
            [
                1.4226337261447688
            ],
            [
                1.4247824289272235
            ],
            [
                1.4268701562299384
            ],
            [
                1.4288991201357075
            ],
            [
                1.4308706739370702
            ],
            [
                1.4327886093804676
            ],
            [
                1.4346550678362047
            ],
            [
                1.4364720790132899
            ],
            [
                1.4382415680878764
            ],
            [
                1.4399653622968884
            ],
            [
                1.441645197042555
            ],
            [
                1.4432827215493576
            ],
            [
                1.444879504110912
            ],
            [
                1.4464370369608055
            ],
            [
                1.4479567407982332
            ],
            [
                1.4494399689964375
            ],
            [
                1.4508825857575727
            ],
            [
                1.4523046761125917
            ],
            [
                1.4536794252662342
            ],
            [
                1.455028959793448
            ],
            [
                1.4563553995219918
            ],
            [
                1.457637292406198
            ],
            [
                1.4588995355286118
            ],
            [
                1.4601366611462008
            ],
            [
                1.4613377184140393
            ],
            [
                1.4625208231627798
            ],
            [
                1.4636773283077003
            ],
            [
                1.464804911068414
            ],
            [
                1.46591605210935
            ],
            [
                1.466999541397778
            ],
            [
                1.4680601493737995
            ],
            [
                1.4691056643452813
            ],
            [
                1.4701228182953303
            ],
            [
                1.4711222113394844
            ]
        ]
    }
}