{
    "Right": {
        "actualTimeGrid": [
            -3,
            -2,
            0,
            10,
            100
        ],
        "diagnostics": {
            "dlsGetNumJacEvals": 1,
            "dlsGetNumRhsEvals": 1,
            "odeGetNumErrTestFails": 0,
            "odeGetNumLinSolvSetups": 9,
            "odeGetNumNonlinSolvConvFails": 0,
            "odeGetNumNonlinSolvIters": 34,
            "odeGetNumRhsEvals_fe": 0,
            "odeGetNumRhsEvals_fi": 55,
            "odeGetNumStepAttempts": 9,
            "odeGetNumSteps": 9,
            "odeMaxEventsReached": false,
            "odeNumRootEvals": 0
        },
        "solutionMatrix": [
            [
                0
            ],
            [
                1.0000000000000002
            ],
            [
                3.000000000000004
            ],
            [
                13.000000000000004
            ],
            [
                102.99999999999997
            ]
        ]
    }
}